file
no good for git
